{
  "version": "1.5.0",
  "plugins_used": [
    {
      "name": "ArtifactoryDetector"
    },
    {
      "name": "AWSKeyDetector"
    },
    {
      "name": "AzureStorageKeyDetector"
    },
    {
      "name": "Base64HighEntropyString",
      "limit": 4.5
    },
    {
      "name": "BasicAuthDetector"
    },
    {
      "name": "CloudantDetector"
    },
    {
      "name": "DiscordBotTokenDetector"
    },
    {
      "name": "GitHubTokenDetector"
    },
    {
      "name": "GitLabTokenDetector"
    },
    {
      "name": "HexHighEntropyString",
      "limit": 3.0
    },
    {
      "name": "IbmCloudIamDetector"
    },
    {
      "name": "IbmCosHmacDetector"
    },
    {
      "name": "IPPublicDetector"
    },
    {
      "name": "JwtTokenDetector"
    },
    {
      "name": "KeywordDetector",
      "keyword_exclude": ""
    },
    {
      "name": "MailchimpDetector"
    },
    {
      "name": "NpmDetector"
    },
    {
      "name": "OpenAIDetector"
    },
    {
      "name": "PrivateKeyDetector"
    },
    {
      "name": "PypiTokenDetector"
    },
    {
      "name": "SendGridDetector"
    },
    {
      "name": "SlackDetector"
    },
    {
      "name": "SoftlayerDetector"
    },
    {
      "name": "SquareOAuthDetector"
    },
    {
      "name": "StripeDetector"
    },
    {
      "name": "TelegramBotTokenDetector"
    },
    {
      "name": "TwilioKeyDetector"
    }
  ],
  "filters_used": [
    {
      "path": "detect_secrets.filters.allowlist.is_line_allowlisted"
    },
    {
      "path": "detect_secrets.filters.common.is_baseline_file",
      "filename": ".secrets.baseline"
    },
    {
      "path": "detect_secrets.filters.common.is_ignored_due_to_verification_policies",
      "min_level": 2
    },
    {
      "path": "detect_secrets.filters.heuristic.is_indirect_reference"
    },
    {
      "path": "detect_secrets.filters.heuristic.is_likely_id_string"
    },
    {
      "path": "detect_secrets.filters.heuristic.is_lock_file"
    },
    {
      "path": "detect_secrets.filters.heuristic.is_not_alphanumeric_string"
    },
    {
      "path": "detect_secrets.filters.heuristic.is_potential_uuid"
    },
    {
      "path": "detect_secrets.filters.heuristic.is_prefixed_with_dollar_sign"
    },
    {
      "path": "detect_secrets.filters.heuristic.is_sequential_string"
    },
    {
      "path": "detect_secrets.filters.heuristic.is_swagger_file"
    },
    {
      "path": "detect_secrets.filters.heuristic.is_templated_secret"
    }
  ],
  "results": {
    ".env.example": [
      {
        "type": "Basic Auth Credentials",
        "filename": ".env.example",
        "hashed_secret": "6a336772f9af64a44a0559dd7f9dfc0551542c47",
        "is_verified": false,
        "line_number": 14,
        "is_secret": false
      }
    ],
    ".github\\workflows\\ci.yml": [
      {
        "type": "Secret Keyword",
        "filename": ".github\\workflows\\ci.yml",
        "hashed_secret": "45f2d0bdb0ca7513b246effa25476d4013866661",
        "is_verified": false,
        "line_number": 134,
        "is_secret": false
      },
      {
        "type": "Basic Auth Credentials",
        "filename": ".github\\workflows\\ci.yml",
        "hashed_secret": "45f2d0bdb0ca7513b246effa25476d4013866661",
        "is_verified": false,
        "line_number": 154,
        "is_secret": false
      }
    ],
    "apps\\accounts\\tests\\test_auth_flow.py": [
      {
        "type": "Secret Keyword",
        "filename": "apps\\accounts\\tests\\test_auth_flow.py",
        "hashed_secret": "673ce9bd97863fa389b25ea290163737a4a258ba",
        "is_verified": false,
        "line_number": 14,
        "is_secret": false
      }
    ],
    "apps\\accounts\\tests\\test_models.py": [
      {
        "type": "Secret Keyword",
        "filename": "apps\\accounts\\tests\\test_models.py",
        "hashed_secret": "673ce9bd97863fa389b25ea290163737a4a258ba",
        "is_verified": false,
        "line_number": 21,
        "is_secret": false
      }
    ],
    "apps\\accounts\\tests\\test_password_flows.py": [
      {
        "type": "Secret Keyword",
        "filename": "apps\\accounts\\tests\\test_password_flows.py",
        "hashed_secret": "673ce9bd97863fa389b25ea290163737a4a258ba",
        "is_verified": false,
        "line_number": 14,
        "is_secret": false
      },
      {
        "type": "Secret Keyword",
        "filename": "apps\\accounts\\tests\\test_password_flows.py",
        "hashed_secret": "6488d8d38962032e41f1788fbc9d781298a26b5c",
        "is_verified": false,
        "line_number": 15,
        "is_secret": false
      }
    ],
    "apps\\audit\\constants.py": [
      {
        "type": "Secret Keyword",
        "filename": "apps\\audit\\constants.py",
        "hashed_secret": "f62d96ed6ce9b19ada62d8f2c9d9b1c2bdb6c5d0",
        "is_verified": false,
        "line_number": 19,
        "is_secret": false
      },
      {
        "type": "Secret Keyword",
        "filename": "apps\\audit\\constants.py",
        "hashed_secret": "e5b2950924ff8a37ed9689c402837af4d0c532ae",
        "is_verified": false,
        "line_number": 20,
        "is_secret": false
      },
      {
        "type": "Secret Keyword",
        "filename": "apps\\audit\\constants.py",
        "hashed_secret": "2545c440ee7a36a107876f83da6993ef7c6e63ac",
        "is_verified": false,
        "line_number": 21,
        "is_secret": false
      }
    ],
    "apps\\audit\\tests\\test_services.py": [
      {
        "type": "Secret Keyword",
        "filename": "apps\\audit\\tests\\test_services.py",
        "hashed_secret": "f3bbbd66a63d4bf1747940578ec3d0103530e21d",
        "is_verified": false,
        "line_number": 28,
        "is_secret": false
      }
    ],
    "apps\\core\\tests\\test_logging.py": [
      {
        "type": "Secret Keyword",
        "filename": "apps\\core\\tests\\test_logging.py",
        "hashed_secret": "f3bbbd66a63d4bf1747940578ec3d0103530e21d",
        "is_verified": false,
        "line_number": 22,
        "is_secret": false
      }
    ],
    "config\\settings\\base.py": [
      {
        "type": "Secret Keyword",
        "filename": "config\\settings\\base.py",
        "hashed_secret": "76705f248f1110214ae9f3533a2c6ccd6b0d585b",
        "is_verified": false,
        "line_number": 242,
        "is_secret": false
      },
      {
        "type": "Secret Keyword",
        "filename": "config\\settings\\base.py",
        "hashed_secret": "12754a16089d2fb0c2905c4d8daa9ed8abae1d93",
        "is_verified": false,
        "line_number": 243,
        "is_secret": false
      },
      {
        "type": "Secret Keyword",
        "filename": "config\\settings\\base.py",
        "hashed_secret": "f597675f7c48fbfb3e274205ed207b044cbadbbe",
        "is_verified": false,
        "line_number": 245,
        "is_secret": false
      }
    ],
    "config\\settings\\development.py": [
      {
        "type": "Secret Keyword",
        "filename": "config\\settings\\development.py",
        "hashed_secret": "72c3633559a2c16b57bc5a95666680e24182c0d7",
        "is_verified": false,
        "line_number": 14,
        "is_secret": false
      }
    ],
    "config\\settings\\testing.py": [
      {
        "type": "Secret Keyword",
        "filename": "config\\settings\\testing.py",
        "hashed_secret": "655df2b40a26bd0e4f537cf7a5c753154a5952b9",
        "is_verified": false,
        "line_number": 13,
        "is_secret": false
      }
    ],
    "conftest.py": [
      {
        "type": "Secret Keyword",
        "filename": "conftest.py",
        "hashed_secret": "673ce9bd97863fa389b25ea290163737a4a258ba",
        "is_verified": false,
        "line_number": 14,
        "is_secret": false
      }
    ],
    "docs\\security\\09-autenticacion.md": [
      {
        "type": "Secret Keyword",
        "filename": "docs\\security\\09-autenticacion.md",
        "hashed_secret": "fe725461bc4ae4cec51cdce1662dc250a06457e1",
        "is_verified": false,
        "line_number": 106,
        "is_secret": false
      }
    ],
    "tests\\security\\test_url_coverage.py": [
      {
        "type": "Secret Keyword",
        "filename": "tests\\security\\test_url_coverage.py",
        "hashed_secret": "468113eda2bc63ee3f9276a3e10642069497098d",
        "is_verified": false,
        "line_number": 24,
        "is_secret": false
      },
      {
        "type": "Secret Keyword",
        "filename": "tests\\security\\test_url_coverage.py",
        "hashed_secret": "d586ed6de3ae2ae2b53840a8e8a1b2ade6599a6f",
        "is_verified": false,
        "line_number": 25,
        "is_secret": false
      },
      {
        "type": "Secret Keyword",
        "filename": "tests\\security\\test_url_coverage.py",
        "hashed_secret": "31ce65c7336a22608378b5d75bad460e02d5a772",
        "is_verified": false,
        "line_number": 26,
        "is_secret": false
      },
      {
        "type": "Secret Keyword",
        "filename": "tests\\security\\test_url_coverage.py",
        "hashed_secret": "5259d0194b818b15959ed0513ac2d301405974c7",
        "is_verified": false,
        "line_number": 27,
        "is_secret": false
      },
      {
        "type": "Secret Keyword",
        "filename": "tests\\security\\test_url_coverage.py",
        "hashed_secret": "673ce9bd97863fa389b25ea290163737a4a258ba",
        "is_verified": false,
        "line_number": 173,
        "is_secret": false
      }
    ]
  },
  "generated_at": "2026-09-20T00:17:49Z"
}
